// Jest Snapshot v1, https://goo.gl/fbAQLP

exports[`Header works renders the component 1`] = `
<header class="header"><img id="logoHeader" alt="Tao Testing logo" src="">
  <ul>
    <li>Product</li>
    <li>Solutions</li>
    <li>Services</li>
    <li>Support</li>
    <li>About Us</li>
    <li>Resources</li>
    <li>Blog</li>
  </ul>
</header>
`;
